[    0.000000] Initializing cgroup subsys cpuset
[    0.000000] Initializing cgroup subsys cpu
[    0.000000] Initializing cgroup subsys cpuacct
[    0.000000] Linux version 4.4.0-47-generic (buildd@lcy01-03) (gcc version 5.4.0 20160609 (Ubuntu 5.4.0-6ubuntu1~16.04.2) ) #68-Ubuntu SMP Wed Oct 26 19:39:52 UTC 2016 (Ubuntu 4.4.0-47.68-generic 4.4.24)
[    0.000000] Command line: BOOT_IMAGE=/boot/vmlinuz-4.4.0-47-generic root=LABEL=cloudimg-rootfs ro console=tty1 console=ttyS0
[    0.000000] KERNEL supported cpus:
[    0.000000]   Intel GenuineIntel
[    0.000000]   AMD AuthenticAMD
[    0.000000]   Centaur CentaurHauls
[    0.000000] x86/fpu: xstate_offset[2]:  576, xstate_sizes[2]:  256
[    0.000000] x86/fpu: Supporting XSAVE feature 0x01: 'x87 floating point registers'
[    0.000000] x86/fpu: Supporting XSAVE feature 0x02: 'SSE registers'
[    0.000000] x86/fpu: Supporting XSAVE feature 0x04: 'AVX registers'
[    0.000000] x86/fpu: Enabled xstate features 0x7, context size is 832 bytes, using 'standard' format.
[    0.000000] x86/fpu: Using 'lazy' FPU context switches.
[    0.000000] e820: BIOS-provided physical RAM map:
[    0.000000] BIOS-e820: [mem 0x0000000000000000-0x000000000009fbff] usable
[    0.000000] BIOS-e820: [mem 0x000000000009fc00-0x000000000009ffff] reserved
[    0.000000] BIOS-e820: [mem 0x00000000000f0000-0x00000000000fffff] reserved
[    0.000000] BIOS-e820: [mem 0x0000000000100000-0x000000007ffeffff] usable
[    0.000000] BIOS-e820: [mem 0x000000007fff0000-0x000000007fffffff] ACPI data
[    0.000000] BIOS-e820: [mem 0x00000000fffc0000-0x00000000ffffffff] reserved
[    0.000000] NX (Execute Disable) protection: active
[    0.000000] SMBIOS 2.5 present.
[    0.000000] Hypervisor detected: KVM
[    0.000000] e820: last_pfn = 0x7fff0 max_arch_pfn = 0x400000000
[    0.000000] MTRR: Disabled
[    0.000000] x86/PAT: MTRRs disabled, skipping PAT initialization too.
[    0.000000] x86/PAT: Configuration [0-7]: WB  WT  UC- UC  WB  WT  UC- UC  
[    0.000000] CPU MTRRs all blank - virtualized system.
[    0.000000] found SMP MP-table at [mem 0x0009fff0-0x0009ffff] mapped at [ffff88000009fff0]
[    0.000000] Scanning 1 areas for low memory corruption
[    0.000000] RAMDISK: [mem 0x36fcc000-0x377ddfff]
[    0.000000] ACPI: Early table checksum verification disabled
[    0.000000] ACPI: RSDP 0x00000000000E0000 000024 (v02 VBOX  )
[    0.000000] ACPI: XSDT 0x000000007FFF0030 00003C (v01 VBOX   VBOXXSDT 00000001 ASL  00000061)
[    0.000000] ACPI: FACP 0x000000007FFF00F0 0000F4 (v04 VBOX   VBOXFACP 00000001 ASL  00000061)
[    0.000000] ACPI: DSDT 0x000000007FFF0470 001BF1 (v01 VBOX   VBOXBIOS 00000002 INTL 20100528)
[    0.000000] ACPI: FACS 0x000000007FFF0200 000040
[    0.000000] ACPI: FACS 0x000000007FFF0200 000040
[    0.000000] ACPI: APIC 0x000000007FFF0240 000054 (v02 VBOX   VBOXAPIC 00000001 ASL  00000061)
[    0.000000] ACPI: SSDT 0x000000007FFF02A0 0001CC (v01 VBOX   VBOXCPUT 00000002 INTL 20100528)
[    0.000000] No NUMA configuration found
[    0.000000] Faking a node at [mem 0x0000000000000000-0x000000007ffeffff]
[    0.000000] NODE_DATA(0) allocated [mem 0x7ffeb000-0x7ffeffff]
[    0.000000] kvm-clock: Using msrs 4b564d01 and 4b564d00
[    0.000000] kvm-clock: cpu 0, msr 0:7ffe7001, primary cpu clock
[    0.000000] kvm-clock: using sched offset of 3157544351 cycles
[    0.000000] clocksource: kvm-clock: mask: 0xffffffffffffffff max_cycles: 0x1cd42e4dffb, max_idle_ns: 881590591483 ns
[    0.000000] Zone ranges:
[    0.000000]   DMA      [mem 0x0000000000001000-0x0000000000ffffff]
[    0.000000]   DMA32    [mem 0x0000000001000000-0x000000007ffeffff]
[    0.000000]   Normal   empty
[    0.000000]   Device   empty
[    0.000000] Movable zone start for each node
[    0.000000] Early memory node ranges
[    0.000000]   node   0: [mem 0x0000000000001000-0x000000000009efff]
[    0.000000]   node   0: [mem 0x0000000000100000-0x000000007ffeffff]
[    0.000000] Initmem setup node 0 [mem 0x0000000000001000-0x000000007ffeffff]
[    0.000000] ACPI: PM-Timer IO Port: 0x4008
[    0.000000] IOAPIC[0]: apic_id 1, version 17, address 0xfec00000, GSI 0-23
[    0.000000] ACPI: INT_SRC_OVR (bus 0 bus_irq 0 global_irq 2 dfl dfl)
[    0.000000] ACPI: INT_SRC_OVR (bus 0 bus_irq 9 global_irq 9 high level)
[    0.000000] Using ACPI (MADT) for SMP configuration information
[    0.000000] smpboot: Allowing 1 CPUs, 0 hotplug CPUs
[    0.000000] PM: Registered nosave memory: [mem 0x00000000-0x00000fff]
[    0.000000] PM: Registered nosave memory: [mem 0x0009f000-0x0009ffff]
[    0.000000] PM: Registered nosave memory: [mem 0x000a0000-0x000effff]
[    0.000000] PM: Registered nosave memory: [mem 0x000f0000-0x000fffff]
[    0.000000] e820: [mem 0x80000000-0xfffbffff] available for PCI devices
[    0.000000] Booting paravirtualized kernel on KVM
[    0.000000] clocksource: refined-jiffies: mask: 0xffffffff max_cycles: 0xffffffff, max_idle_ns: 7645519600211568 ns
[    0.000000] setup_percpu: NR_CPUS:256 nr_cpumask_bits:256 nr_cpu_ids:1 nr_node_ids:1
[    0.000000] PERCPU: Embedded 33 pages/cpu @ffff88007fc00000 s98008 r8192 d28968 u2097152
[    0.000000] PV qspinlock hash table entries: 256 (order: 0, 4096 bytes)
[    0.000000] Built 1 zonelists in Node order, mobility grouping on.  Total pages: 515961
[    0.000000] Policy zone: DMA32
[    0.000000] Kernel command line: BOOT_IMAGE=/boot/vmlinuz-4.4.0-47-generic root=LABEL=cloudimg-rootfs ro console=tty1 console=ttyS0
[    0.000000] PID hash table entries: 4096 (order: 3, 32768 bytes)
[    0.000000] Memory: 2036692K/2096696K available (8423K kernel code, 1285K rwdata, 3952K rodata, 1480K init, 1292K bss, 60004K reserved, 0K cma-reserved)
[    0.000000] SLUB: HWalign=64, Order=0-3, MinObjects=0, CPUs=1, Nodes=1
[    0.000000] Hierarchical RCU implementation.
[    0.000000] 	Build-time adjustment of leaf fanout to 64.
[    0.000000] 	RCU restricting CPUs from NR_CPUS=256 to nr_cpu_ids=1.
[    0.000000] RCU: Adjusting geometry for rcu_fanout_leaf=64, nr_cpu_ids=1
[    0.000000] NR_IRQS:16640 nr_irqs:256 16
[    0.000000] Console: colour VGA+ 80x25
[    0.000000] console [tty1] enabled
[    0.000000] console [ttyS0] enabled
[    0.000000] tsc: Detected 3292.538 MHz processor
[    2.458688] Calibrating delay loop (skipped) preset value.. 6585.07 BogoMIPS (lpj=13170152)
[    2.460205] pid_max: default: 32768 minimum: 301
[    2.461007] ACPI: Core revision 20150930
[    2.462458] ACPI: 2 ACPI AML tables successfully acquired and loaded
[    2.464801] Security Framework initialized
[    2.465553] Yama: becoming mindful.
[    2.466233] AppArmor: AppArmor initialized
[    2.467307] Dentry cache hash table entries: 262144 (order: 9, 2097152 bytes)
[    2.470077] Inode-cache hash table entries: 131072 (order: 8, 1048576 bytes)
[    2.473188] Mount-cache hash table entries: 4096 (order: 3, 32768 bytes)
[    2.474262] Mountpoint-cache hash table entries: 4096 (order: 3, 32768 bytes)
[    2.475540] Initializing cgroup subsys io
[    2.500434] Initializing cgroup subsys memory
[    2.502914] Initializing cgroup subsys devices
[    2.503707] Initializing cgroup subsys freezer
[    2.504493] Initializing cgroup subsys net_cls
[    2.505286] Initializing cgroup subsys perf_event
[    2.506157] Initializing cgroup subsys net_prio
[    2.506982] Initializing cgroup subsys hugetlb
[    2.507769] Initializing cgroup subsys pids
[    2.508603] CPU: Physical Processor ID: 0
[    2.509618] mce: CPU supports 0 MCE banks
[    2.510342] process: using mwait in idle threads
[    2.511157] Last level iTLB entries: 4KB 512, 2MB 8, 4MB 8
[    2.512055] Last level dTLB entries: 4KB 512, 2MB 32, 4MB 32, 1GB 0
[    2.527518] Freeing SMP alternatives memory: 32K (ffffffff820b5000 - ffffffff820bd000)
[    2.764912] ftrace: allocating 32047 entries in 126 pages
[    2.969518] smpboot: Max logical packages: 1
[    3.083596] smpboot: APIC(0) Converting physical 0 to logical package 0
[    3.279843] ..TIMER: vector=0x30 apic1=0 pin1=2 apic2=-1 pin2=-1
[    3.534362] smpboot: CPU0: Intel(R) Core(TM) i5-3550 CPU @ 3.30GHz (family: 0x6, model: 0x3a, stepping: 0x9)
[    3.557206] Performance Events: unsupported p6 CPU model 58 no PMU driver, software events only.
[    3.573283] KVM setup paravirtual spinlock
[    3.579876] x86: Booted up 1 node, 1 CPUs
[    3.580658] smpboot: Total of 1 processors activated (6585.07 BogoMIPS)
[    3.582013] devtmpfs: initialized
[    3.584534] evm: security.selinux
[    3.585238] evm: security.SMACK64
[    3.591425] evm: security.SMACK64EXEC
[    3.592156] evm: security.SMACK64TRANSMUTE
[    3.593137] evm: security.SMACK64MMAP
[    3.593866] evm: security.ima
[    3.594518] evm: security.capability
[    3.595362] clocksource: jiffies: mask: 0xffffffff max_cycles: 0xffffffff, max_idle_ns: 7645041785100000 ns
[    3.744231] pinctrl core: initialized pinctrl subsystem
[    3.745298] RTC time: 16:43:11, date: 12/08/16
[    3.746227] NET: Registered protocol family 16
[    3.747212] cpuidle: using governor ladder
[    3.881682] cpuidle: using governor menu
[    4.003057] PCCT header not found.
[    4.094741] ACPI: bus type PCI registered
[    4.209202] acpiphp: ACPI Hot Plug PCI Controller Driver version: 0.5
[    4.390396] PCI: Using configuration type 1 for base access
[    4.518780] ACPI: Added _OSI(Module Device)
[    4.595942] ACPI: Added _OSI(Processor Device)
[    4.599521] ACPI: Added _OSI(3.0 _SCP Extensions)
[    4.600342] ACPI: Added _OSI(Processor Aggregator Device)
[    4.601712] ACPI: Executed 1 blocks of module-level executable AML code
[    4.604792] ACPI: Interpreter enabled
[    4.605560] ACPI: (supports S0 S5)
[    4.606325] ACPI: Using IOAPIC for interrupt routing
[    4.607367] PCI: Using host bridge windows from ACPI; if necessary, use "pci=nocrs" and report a bug
[    4.610743] ACPI: PCI Root Bridge [PCI0] (domain 0000 [bus 00-ff])
[    4.611810] acpi PNP0A03:00: _OSC: OS supports [ASPM ClockPM Segments MSI]
[    4.613175] acpi PNP0A03:00: _OSC failed (AE_NOT_FOUND); disabling ASPM
[    4.615429] acpi PNP0A03:00: fail to add MMCONFIG information, can't access extended PCI configuration space under this bridge.
[    4.617663] PCI host bridge to bus 0000:00
[    4.618474] pci_bus 0000:00: root bus resource [io  0x0000-0x0cf7 window]
[    4.621032] pci_bus 0000:00: root bus resource [io  0x0d00-0xffff window]
[    4.622558] pci_bus 0000:00: root bus resource [mem 0x000a0000-0x000bffff window]
[    4.623972] pci_bus 0000:00: root bus resource [mem 0x80000000-0xffdfffff window]
[    4.625404] pci_bus 0000:00: root bus resource [bus 00-ff]
[    4.628075] pci 0000:00:01.1: legacy IDE quirk: reg 0x10: [io  0x01f0-0x01f7]
[    4.630373] pci 0000:00:01.1: legacy IDE quirk: reg 0x14: [io  0x03f6]
[    4.631479] pci 0000:00:01.1: legacy IDE quirk: reg 0x18: [io  0x0170-0x0177]
[    4.632904] pci 0000:00:01.1: legacy IDE quirk: reg 0x1c: [io  0x0376]
[    4.670679] ACPI: PCI Interrupt Link [LNKA] (IRQs 5 9 10 11) *0, disabled.
[    4.688227] ACPI: PCI Interrupt Link [LNKB] (IRQs 5 9 10 *11)
[    4.689678] ACPI: PCI Interrupt Link [LNKC] (IRQs 5 9 *10 11)
[    4.691151] ACPI: PCI Interrupt Link [LNKD] (IRQs 5 *9 10 11)
[    4.693002] ACPI: Enabled 2 GPEs in block 00 to 07
[    4.694132] vgaarb: setting as boot device: PCI:0000:00:02.0
[    4.696284] vgaarb: device added: PCI:0000:00:02.0,decodes=io+mem,owns=io+mem,locks=none
[    4.697851] vgaarb: loaded
[    4.704348] vgaarb: bridge control possible 0000:00:02.0
[    4.705434] SCSI subsystem initialized
[    4.715082] ACPI: bus type USB registered
[    4.835305] usbcore: registered new interface driver usbfs
[    4.967342] usbcore: registered new interface driver hub
[    5.109389] usbcore: registered new device driver usb
[    5.258223] PCI: Using ACPI for IRQ routing
[    5.376588] NetLabel: Initializing
[    5.465528] NetLabel:  domain hash size = 128
[    5.579890] NetLabel:  protocols = UNLABELED CIPSOv4
[    5.714471] NetLabel:  unlabeled traffic allowed by default
[    5.715488] amd_nb: Cannot enumerate AMD northbridges
[    5.722126] clocksource: Switched to clocksource kvm-clock
[    5.729278] AppArmor: AppArmor Filesystem Enabled
[    5.746286] pnp: PnP ACPI init
[    5.755499] pnp: PnP ACPI: found 4 devices
[    5.784901] clocksource: acpi_pm: mask: 0xffffff max_cycles: 0xffffff, max_idle_ns: 2085701024 ns
[    6.027316] NET: Registered protocol family 2
[    6.127596] TCP established hash table entries: 16384 (order: 5, 131072 bytes)
[    6.356786] TCP bind hash table entries: 16384 (order: 6, 262144 bytes)
[    6.521090] TCP: Hash tables configured (established 16384 bind 16384)
[    6.719623] UDP hash table entries: 1024 (order: 3, 32768 bytes)
[    6.807199] UDP-Lite hash table entries: 1024 (order: 3, 32768 bytes)
[    6.808276] NET: Registered protocol family 1
[    6.809060] pci 0000:00:00.0: Limiting direct PCI/PCI transfers
[    6.815583] pci 0000:00:01.0: Activating ISA DMA hang workarounds
[    6.825793] Trying to unpack rootfs image as initramfs...
[    7.937219] Freeing initrd memory: 8264K (ffff880036fcc000 - ffff8800377de000)
[    7.945309] RAPL PMU detected, API unit is 2^-32 Joules, 3 fixed counters 10737418240 ms ovfl timer
[    7.949166] hw unit of domain pp0-core 2^-0 Joules
[    7.950022] hw unit of domain package 2^-0 Joules
[    7.950872] hw unit of domain pp1-gpu 2^-0 Joules
[    7.951757] platform rtc_cmos: registered platform RTC device (no PNP device found)
[    7.956115] Scanning for low memory corruption every 60 seconds
[    7.957293] futex hash table entries: 256 (order: 2, 16384 bytes)
[    7.959509] audit: initializing netlink subsys (disabled)
[    7.960470] audit: type=2000 audit(1481215395.494:1): initialized
[    7.961650] Initialise system trusted keyring
[    7.962701] HugeTLB registered 2 MB page size, pre-allocated 0 pages
[    7.964767] zbud: loaded
[    7.965477] VFS: Disk quotas dquot_6.6.0
[    7.968446] VFS: Dquot-cache hash table entries: 512 (order 0, 4096 bytes)
[    7.971059] squashfs: version 4.0 (2009/01/31) Phillip Lougher
[    8.034958] fuse init (API version 7.23)
[    8.109920] Key type big_key registered
[    8.110688] Allocating IMA MOK and blacklist keyrings.
[    8.111757] Key type asymmetric registered
[    8.112702] Asymmetric key parser 'x509' registered
[    8.113587] Block layer SCSI generic (bsg) driver version 0.4 loaded (major 249)
[    8.119962] io scheduler noop registered
[    8.120679] io scheduler deadline registered (default)
[    8.121581] io scheduler cfq registered
[    8.129625] pci_hotplug: PCI Hot Plug PCI Core version: 0.5
[    8.130595] pciehp: PCI Express Hot Plug Controller Driver version: 0.4
[    8.131749] ACPI: AC Adapter [AC] (on-line)
[    8.132741] input: Power Button as /devices/LNXSYSTM:00/LNXPWRBN:00/input/input0
[    8.134082] ACPI: Power Button [PWRF]
[    8.134861] input: Sleep Button as /devices/LNXSYSTM:00/LNXSLPBN:00/input/input1
[    8.136197] ACPI: Sleep Button [SLPF]
[    8.138495] GHES: HEST is not enabled!
[    8.139258] Serial: 8250/16550 driver, 32 ports, IRQ sharing enabled
[    8.162342] 00:03: ttyS0 at I/O 0x3f8 (irq = 4, base_baud = 115200) is a 16550A
[    8.377891] Linux agpgart interface v0.103
[    8.479702] brd: module loaded
[    8.585828] loop: module loaded
[    8.687639] scsi host0: ata_piix
[    8.768865] scsi host1: ata_piix
[    8.866800] ata1: PATA max UDMA/33 cmd 0x1f0 ctl 0x3f6 bmdma 0xd000 irq 14
[    8.985124] ata2: PATA max UDMA/33 cmd 0x170 ctl 0x376 bmdma 0xd008 irq 15
[    8.986248] tsc: Refined TSC clocksource calibration: 3294.879 MHz
[    8.987243] clocksource: tsc: mask: 0xffffffffffffffff max_cycles: 0x2f7e66a5084, max_idle_ns: 440795337073 ns
[    8.989211] libphy: Fixed MDIO Bus: probed
[    8.989957] tun: Universal TUN/TAP device driver, 1.6
[    8.990846] tun: (C) 1999-2004 Max Krasnyansky <maxk@qualcomm.com>
[    8.992440] PPP generic driver version 2.4.2
[    8.993245] ehci_hcd: USB 2.0 'Enhanced' Host Controller (EHCI) Driver
[    8.994289] ehci-pci: EHCI PCI platform driver
[    8.996537] ehci-platform: EHCI generic platform driver
[    8.997432] ohci_hcd: USB 1.1 'Open' Host Controller (OHCI) Driver
[    9.014954] ohci-pci: OHCI PCI platform driver
[    9.017114] ohci-platform: OHCI generic platform driver
[    9.025317] uhci_hcd: USB Universal Host Controller Interface driver
[    9.079985] i8042: PNP: PS/2 Controller [PNP0303:PS2K,PNP0f03:PS2M] at 0x60,0x64 irq 1,12
[    9.339736] serio: i8042 KBD port at 0x60,0x64 irq 1
[    9.491884] serio: i8042 AUX port at 0x60,0x64 irq 12
[    9.621534] mousedev: PS/2 mouse device common for all mice
[    9.744816] input: AT Translated Set 2 keyboard as /devices/platform/i8042/serio0/input/input2
[    9.945963] rtc_cmos rtc_cmos: rtc core: registered rtc_cmos as rtc0
[   10.079792] rtc_cmos rtc_cmos: alarms up to one day, 114 bytes nvram
[   10.080828] i2c /dev entries driver
[   10.081546] device-mapper: uevent: version 1.0.3
[   10.082784] device-mapper: ioctl: 4.34.0-ioctl (2015-10-28) initialised: dm-devel@redhat.com
[   10.086163] ledtrig-cpu: registered to indicate activity on CPUs
[   10.087401] NET: Registered protocol family 10
[   10.088302] NET: Registered protocol family 17
[   10.117005] Key type dns_resolver registered
[   10.117914] microcode: CPU0 sig=0x306a9, pf=0x2, revision=0x19
[   10.154646] microcode: Microcode Update Driver: v2.01 <tigran@aivazian.fsnet.co.uk>, Peter Oruba
[   10.156259] registered taskstats version 1
[   10.182798] Loading compiled-in X.509 certificates
[   10.318577] Loaded X.509 cert 'Build time autogenerated kernel key: f7bc719d96df7c6d6fed8f4b9fd5d4ff001383c8'
[   10.569374] zswap: loaded using pool lzo/zbud
[   10.678067] Key type trusted registered
[   10.790843] Key type encrypted registered
[   10.909582] AppArmor: AppArmor sha1 policy hashing enabled
[   11.090090] ima: No TPM chip found, activating TPM-bypass!
[   11.163925] evm: HMAC attrs: 0x1
[   11.164765]   Magic number: 12:20:742
[   11.165529] rtc_cmos rtc_cmos: setting system clock to 2016-12-08 16:43:19 UTC (1481215399)
[   11.167056] BIOS EDD facility v0.16 2004-Jun-25, 0 devices found
[   11.168043] EDD information not available.
[   11.169886] Freeing unused kernel memory: 1480K (ffffffff81f43000 - ffffffff820b5000)
[   11.173325] Write protecting the kernel read-only data: 14336k
[   11.175976] Freeing unused kernel memory: 1804K (ffff88000183d000 - ffff880001a00000)
[   11.177644] Freeing unused kernel memory: 144K (ffff880001ddc000 - ffff880001e00000)
Loading, please wait...
starting version[   11.187951] random: udevadm: uninitialized urandom read (16 bytes read, 3 bits of entropy available)
 229
[   11.269518] random: systemd-udevd: uninitialized urandom read (16 bytes read, 3 bits of entropy available)
[   11.577606] random: udevadm: uninitialized urandom read (16 bytes read, 3 bits of entropy available)
[   11.852082] random: systemd-udevd: uninitialized urandom read (16 bytes read, 3 bits of entropy available)
[   12.157680] random: udevadm: uninitialized urandom read (16 bytes read, 3 bits of entropy available)
[   12.208357] random: udevadm: uninitialized urandom read (16 bytes read, 3 bits of entropy available)
[   12.209978] random: udevadm: uninitialized urandom read (16 bytes read, 3 bits of entropy available)
[   12.211638] random: udevadm: uninitialized urandom read (16 bytes read, 3 bits of entropy available)
[   12.213432] random: udevadm: uninitialized urandom read (16 bytes read, 3 bits of entropy available)
[   12.215097] random: udevadm: uninitialized urandom read (16 bytes read, 3 bits of entropy available)
[   12.250593] e1000: Intel(R) PRO/1000 Network Driver - version 7.3.21-k8-NAPI
[   12.258492] e1000: Copyright (c) 1999-2006 Intel Corporation.
[   12.269926] Fusion MPT base driver 3.04.20
[   12.272487] Copyright (c) 1999-2008 LSI Corporation
[   12.320368] AVX version of gcm_enc/dec engaged.
[   12.322862] AES CTR mode by8 optimization enabled
[   12.389165] Fusion MPT SPI Host driver 3.04.20
[   12.495932] input: ImExPS/2 Generic Explorer Mouse as /devices/platform/i8042/serio1/input/input4
[   12.994182] e1000 0000:00:03.0 eth0: (PCI:33MHz:32-bit) 02:d0:b0:43:c2:9f
[   12.997011] e1000 0000:00:03.0 eth0: Intel(R) PRO/1000 Network Connection
[   12.999219] e1000 0000:00:03.0 enp0s3: renamed from eth0
[   13.002524] mptbase: ioc0: Initiating bringup
[   13.066899] ioc0: LSI53C1030 A0: Capabilities={Initiator}
[   13.388009] scsi host2: ioc0: LSI53C1030 A0, FwRev=00000000h, Ports=1, MaxQ=256, IRQ=20
[   13.511358] scsi 2:0:0:0: Direct-Access     VBOX     HARDDISK         1.0  PQ: 0 ANSI: 5
[   13.734197] scsi target2:0:0: Beginning Domain Validation
[   13.909710] scsi target2:0:0: Domain Validation skipping write tests
[   13.912105] scsi target2:0:0: Ending Domain Validation
[   13.913226] scsi target2:0:0: asynchronous
[   13.914293] scsi 2:0:1:0: Direct-Access     VBOX     HARDDISK         1.0  PQ: 0 ANSI: 5
[   13.915797] scsi target2:0:1: Beginning Domain Validation
[   13.917476] scsi target2:0:1: Domain Validation skipping write tests
[   13.918601] scsi target2:0:1: Ending Domain Validation
[   13.919572] scsi target2:0:1: asynchronous
[   13.933343] sd 2:0:0:0: Attached scsi generic sg0 type 0
[   13.934735] sd 2:0:0:0: [sda] 20971520 512-byte logical blocks: (10.7 GB/10.0 GiB)
[   13.936215] sd 2:0:1:0: Attached scsi generic sg1 type 0
[   13.937389] sd 2:0:0:0: [sda] Write Protect is off
[   13.938297] sd 2:0:1:0: [sdb] 20480 512-byte logical blocks: (10.5 MB/10.0 MiB)
[   13.939806] sd 2:0:0:0: [sda] Incomplete mode parameter data
[   13.940820] sd 2:0:0:0: [sda] Assuming drive cache: write through
[   13.942100] sd 2:0:1:0: [sdb] Write Protect is off
[   13.943305] sd 2:0:1:0: [sdb] Incomplete mode parameter data
[   13.944315] sd 2:0:1:0: [sdb] Assuming drive cache: write through
[   13.959172]  sda: sda1
[   14.037763] sd 2:0:0:0: [sda] Attached SCSI disk
[   14.039940] sd 2:0:1:0: [sdb] Attached SCSI disk
[   15.330350] floppy0: no floppy controllers found
Begin: Loading e[   16.771202] md: linear personality registered for level -1
ssential drivers[   16.938362] md: multipath personality registered for level -4
 ... [   17.135822] md: raid0 personality registered for level 0
[   17.328251] md: raid1 personality registered for level 1
[   17.578487] raid6: sse2x1   gen()  9298 MB/s
[   17.778508] raid6: sse2x1   xor()  7320 MB/s
[   17.850552] raid6: sse2x2   gen() 11471 MB/s
[   17.918533] raid6: sse2x2   xor()  8360 MB/s
[   18.114558] raid6: sse2x4   gen() 13870 MB/s
[   18.242570] raid6: sse2x4   xor() 10018 MB/s
[   18.375927] raid6: using algorithm sse2x4 gen() 13870 MB/s
[   18.554000] raid6: .... xor() 10018 MB/s, rmw enabled
[   18.718489] raid6: using ssse3x2 recovery algorithm
[   18.873470] xor: automatically using best checksumming function:
[   18.910154]    avx       : 21265.000 MB/sec
[   18.944385] async_tx: api initialized (async)
[   18.955312] md: raid6 personality registered for level 6
[   18.957515] md: raid5 personality registered for level 5
[   18.958447] md: raid4 personality registered for level 4
[   18.963729] md: raid10 personality registered for level 10
done.
Begin: Running /scripts/init-premount ... done.
Begin: Mounting root file system ... Begin: Running /scripts/local-top ... done.
Begin: Running /scripts/local-premount ... [   19.135940] Btrfs loaded
Scanning for Btrfs filesystems
done.
Warning: fsck not present, so skipping root file[   19.240952] EXT4-fs (sda1): mounted filesystem with ordered data mode. Opts: (null)
 system
done.
Begin: Running /scripts/local-bottom ... done.
Begin: Running /scripts/init-bottom ... Warning: overlayroot: debug is busted
done.
[   19.929143] systemd[1]: systemd 229 running in system mode. (+PAM +AUDIT +SELINUX +IMA +APPARMOR +SMACK +SYSVINIT +UTMP +LIBCRYPTSETUP +GCRYPT +GNUTLS +ACL +XZ -LZ4 +SECCOMP +BLKID +ELFUTILS +KMOD -IDN)
[   20.000690] systemd[1]: Detected virtualization oracle.
[   20.001608] systemd[1]: Detected architecture x86-64.

Welcome to [1mUbuntu 16.04.1 LTS[0m!

[   20.088174] systemd[1]: Set hostname to <experteese>.
[   20.376771] random: nonblocking pool is initialized
[   20.833433] systemd[1]: Listening on Syslog Socket.
[[0;32m  OK  [0m] Listening on Syslog Socket.
[   21.022840] systemd[1]: Created slice System Slice.
[[0;32m  OK  [0m] Created slice System Slice.
[   21.087195] systemd[1]: Listening on Journal Audit Socket.
[[0;32m  OK  [0m] Listening on Journal Audit Socket.
[   21.117268] systemd[1]: Created slice system-postgresql.slice.
[[0;32m  OK  [0m] Created slice system-postgresql.slice.
[   21.122612] systemd[1]: Started Forward Password Requests to Wall Directory Watch.
[[0;32m  OK  [0m] Started Forward Password Requests to Wall Directory Watch.
[   21.126878] systemd[1]: Listening on /dev/initctl Compatibility Named Pipe.
[[0;32m  OK  [0m] Listening on /dev/initctl Compatibility Named Pipe.
[   21.131072] systemd[1]: Set up automount Arbitrary Executable File Formats File System Automount Point.
[[0;32m  OK  [0m] Set up automount Arbitrary Executab...ats File System Automount Point.
[   21.134598] systemd[1]: Listening on udev Control Socket.
[[0;32m  OK  [0m] Listening on udev Control Socket.
[   21.139796] systemd[1]: Listening on LVM2 poll daemon socket.
[[0;32m  OK  [0m] Listening on LVM2 poll daemon socket.
[   21.145150] systemd[1]: Created slice system-serial\x2dgetty.slice.
[[0;32m  OK  [0m] Created slice system-serial\x2dgetty.slice.
[   21.147529] systemd[1]: Listening on Journal Socket.
[[0;32m  OK  [0m] Listening on Journal Socket.
[   21.176343] systemd[1]: Starting Load Kernel Modules...
         Starting Load Kernel Modules...
[   21.380207] systemd[1]: Mounting POSIX Message Queue File System...
         Mounting POSIX Message Queue File System...
[   21.638900] systemd[1]: Starting Remount Root and Kernel File Systems...
[   21.750151] Loading iSCSI transport class v2.0-870.
         Starting Remount Root and Kernel[   21.828466] iscsi: registered transport (tcp)
 File Systems...
[   21.919914] systemd[1]: Reached target User and Group Name Lookups.
[[0;32m  OK  [0[   21.953483] EXT4-fs (sda1): re-mounted. Opts: (null)
m] Reached target User and Group[   22.115712] iscsi: registered transport (iser)
 Name Lookups.
[   22.149149] systemd[1]: Starting Nameserver information manager...
         Starting Nameserver information manager...
[   22.160886] systemd[1]: Starting Uncomplicated firewall...
         Starting Uncomplicated firewall...
[   22.166056] systemd[1]: Listening on LVM2 metadata daemon socket.
[[0;32m  OK  [0m] Listening on LVM2 metadata daemon socket.
[   22.168426] systemd[1]: Reached target Swap.
[[0;32m  OK  [0m] Reached target Swap.
[   22.178766] systemd[1]: Listening on Device-mapper event daemon FIFOs.
[[0;32m  OK  [0m] Listening on Device-mapper event daemon FIFOs.
[   22.232080] systemd[1]: Starting Set console keymap...
         Starting Set console keymap...
[   22.406740] systemd[1]: Listening on Journal Socket (/dev/log).
[[0;32m  OK  [0m] Listening on Journal Socket (/dev/log).
[   22.627904] systemd[1]: Starting Journal Service...
         Starting Journal Service...
[   22.707218] systemd[1]: Mounting Huge Pages File System...
         Mounting Huge Pages File System...
[   22.898309] systemd[1]: Reached target Encrypted Volumes.
[[0;32m  OK  [0m] Reached target Encrypted Volumes.
[   23.111459] systemd[1]: Created slice User and Session Slice.
[[0;32m  OK  [0m] Created slice User and Session Slice.
[   23.277060] systemd[1]: Reached target Slices.
[[0;32m  OK  [0m] Reached target Slices.
[   23.307371] systemd[1]: Mounting Debug File System...
         Mounting Debug File System...
[   23.314116] systemd[1]: Listening on udev Kernel Socket.
[[0;32m  OK  [0m] Listening on udev Kernel Socket.
[   23.347752] systemd[1]: Starting Create list of required static device nodes for the current kernel...
         Starting Create list of required st... nodes for the current kernel...
[   23.671315] systemd[1]: Starting Monitoring of LVM2 mirrors, snapshots etc. using dmeventd or progress polling...
         Starting Monitoring of LVM2 mirrors... dmeventd or progress polling...
[   23.975921] systemd[1]: Mounted Debug File System.
[[0;32m  OK  [0m] Mounted Debug File System.
[   24.082496] systemd[1]: Mounted Huge Pages File System.
[[0;32m  OK  [0m] Mounted Huge Pages File System.
[   24.295165] systemd[1]: Mounted POSIX Message Queue File System.
[[0;32m  OK  [0m] Mounted POSIX Message Queue File System.
[   24.333998] systemd[1]: Started Journal Service.
[[0;32m  OK  [0m] Started Journal Service.
[[0;32m  OK  [0m] Started Load Kernel Modules.
[[0;32m  OK  [0m] Started Remount Root and Kernel File Systems.
[[0;32m  OK  [0m] Started Uncomplicated firewall.
[[0;32m  OK  [0m] Started Set console keymap.
[[0;32m  OK  [0m] Started Create list of required sta...ce nodes for the current kernel.
[[0;32m  OK  [0m] Started Nameserver information manager.
[[0;32m  OK  [0m] Started LVM2 metadata daemon.
         Starting Create Static Device Nodes in /dev...
         Starting Load/Save Random Seed...
         Starting udev Coldplug all Devices...
         Mounting FUSE Control File System...
         Starting Apply Kernel Variables...
         Starting Flush Journal to Persistent Storage...
[[0;32m  OK  [0m] Mounted FUSE Control File System.
[[0;32m  OK  [0m] Started Load/Save Random Seed.
[[0;32m  OK  [0m] Started Apply Kernel Variables.
[[0;32m  OK  [0m] Started udev Coldplug all Devices.
[[0;32m  OK  [0m] Started Create Static Device Nodes in /dev.
         Starting udev Kernel Device Manager...
[[0;32m  OK  [0m] Started Flush Journal to Persistent Storage.
[[0;32m  OK  [0m] Started udev Kernel Device Manager.
[[0;32m  OK  [0m] Started Dispatch Password Requests to Console Directory Watch.
[[0;32m  OK  [0m] Started Monitoring of LVM2 mirrors,...ng dmeventd or progress polling.
[[0;32m  OK  [0m] Reached target Local File Systems (Pre).
[[0;32m  OK  [0m] Reached target Local File Systems.
         Starting Initial cloud-init job (pre-networking)...
         Starting Tell Plymouth To Write Out Runtime Data...
         Starting Create Volatile Files and Directories...
         Starting Set console font and keymap...
         Starting LSB: AppArmor initialization...
         Starting Run snappy firstboot setup...
[[0;32m  OK  [0m] Started Tell Plymouth To Write Out Runtime Data.
[[0;32m  OK  [0m] Started Create Volatile Files and Directories.
[[0;32m  OK  [0m] Found device /dev/ttyS0.
[[0;32m  OK  [0m] Listening on Load/Save RF Kill Switch Status /dev/rfkill Watch.
[[0;32m  OK  [0m] Reached target System Time Synchronized.
         Starting Update UTMP about System Boot/Shutdown...
[[0;32m  OK  [0m] Started Set console font and keymap.
[[0;32m  OK  [0m] Created slice system-getty.slice.
[[0;32m  OK  [0m] Started Update UTMP about System Boot/Shutdown.
[[0;32m  OK  [0m] Started LSB: AppArmor initialization.
[[0;32m  OK  [0m] Started Run snappy firstboot setup.
[[0;32m  OK  [0m] Reached target System Initialization.
[[0;32m  OK  [0m] Started Daily apt activities.
[[0;32m  OK  [0m] Started Timer to automatically refresh installed snaps.
         Starting Socket activation for snappy daemon.
[[0;32m  OK  [0m] Started Daily Cleanup of Temporary Directories.
[[0;32m  OK  [0m] Reached target Timers.
[[0;32m  OK  [0m] Listening on ACPID Listen Socket.
[[0;32m  OK  [0m] Started ACPI Events Check.
[[0;32m  OK  [0m] Started Trigger resolvconf update for networkd DNS.
[[0;32m  OK  [0m] Reached target Paths.
         Starting LXD - unix socket.
[[0;32m  OK  [0m] Listening on UUID daemon activation socket.
[[0;32m  OK  [0m] Listening on D-Bus System Message Bus Socket.
[[0;32m  OK  [0m] Listening on Socket activation for snappy daemon.
[[0;32m  OK  [0m] Listening on LXD - unix socket.
[[0;32m  OK  [0m] Reached target Sockets.
[[0;32m  OK  [0m] Reached target Basic System.
[[0;32m  OK  [0m] Started Regular background program processing daemon.
[[0;32m  OK  [0m] Started D-Bus System Message Bus.
         Starting LSB: Record successful boot for GRUB...
         Starting LXD - container startup/shutdown...
[[0;32m  OK  [0m] Started Deferred execution scheduler.
         Starting PostgreSQL Cluster 9.5-main...
         Starting System Logging Service...
         Starting Login Service...
[[0;32m  OK  [0m] Started ACPI event daemon.
[[0;32m  OK  [0m] Started FUSE filesystem for LXC.
         Starting LSB: MD monitoring daemon...
         Starting Accounts Service...
[[0;32m  OK  [0m] Started Snappy daemon.
[[0;32m  OK  [0m] Started Login Service.
[[0;32m  OK  [0m] Started LSB: Record successful boot for GRUB.
[[0;32m  OK  [0m] Started LSB: MD monitoring daemon.
[[0;32m  OK  [0m] Started System Logging Service.
         Starting Authenticate and Authorize Users to Run Privileged Tasks...
[[0;32m  OK  [0m] Started Authenticate and Authorize Users to Run Privileged Tasks.
[[0;32m  OK  [0m] Started Accounts Service.
[[0;32m  OK  [0m] Started LXD - container startup/shutdown.
[   27.756538] cloud-init[525]: Cloud-init v. 0.7.8 running 'init-local' at Thu, 08 Dec 2016 16:43:40 +0000. Up 26.91 seconds.
[[0;32m  OK  [0m] Started Initial cloud-init job (pre-networking).
[[0;32m  OK  [0m] Reached target Network (Pre).
         Starting Raise network interfaces...
[[0;32m  OK  [0m] Started ifup for enp0s3.
[[0;32m  OK  [0m] Started Raise network interfaces.
[[0;32m  OK  [0m] Reached target Network.
         Starting Initial cloud-init job (metadata service crawler)...
[[0;32m  OK  [0m] Started PostgreSQL Cluster 9.5-main.
         Starting PostgreSQL RDBMS...
[[0;32m  OK  [0m] Started PostgreSQL RDBMS.
[   28.986032] cloud-init[1084]: Cloud-init v. 0.7.8 running 'init' at Thu, 08 Dec 2016 16:43:42 +0000. Up 28.52 seconds.
[   29.069069] cloud-init[1084]: ci-info: +++++++++++++++++++++++++++++++++++++Net device info++++++++++++++++++++++++++++++++++++++
[   29.080280] cloud-init[1084]: ci-info: +--------+------+----------------------------+---------------+-------+-------------------+
[   29.080619] cloud-init[1084]: ci-info: | Device |  Up  |          Address           |      Mask     | Scope |     Hw-Address    |
[   29.080736] cloud-init[1084]: ci-info: +--------+------+----------------------------+---------------+-------+-------------------+
[   29.080855] cloud-init[1084]: ci-info: |   lo   | True |         127.0.0.1          |   255.0.0.0   |   .   |         .         |
[   29.080985] cloud-init[1084]: ci-info: |   lo   | True |          ::1/128           |       .       |  host |         .         |
[   29.081094] cloud-init[1084]: ci-info: | enp0s3 | True |         10.0.2.15          | 255.255.255.0 |   .   | 02:d0:b0:43:c2:9f |
[   29.081202] cloud-init[1084]: ci-info: | enp0s3 | True | fe80::d0:b0ff:fe43:c29f/64 |       .       |  link | 02:d0:b0:43:c2:9f |
[   29.081310] cloud-init[1084]: ci-info: +--------+------+----------------------------+---------------+-------+-------------------+
[[0;32m  OK  [0m] Started Initial cloud-init job (metadata service crawler).
[   29.081447] cloud-init[1084]: ci-info: +++++++++++++++++++++++++++Route IPv4 info++++++++++++++++++++++++++++
[   29.260723] cloud-init[1084]: ci-info: +-------+-------------+----------+---------------+-----------+-------+
[[0;32m  OK  [0m] Reached target Cloud-config availability.
[   29.351711] cloud-init[1084]: ci-info: | Route | Destination | Gateway  |    Genmask    | Interface | Flags |
[[0;32m  OK  [0m] Reached target Network is Online.
[   29.500134] cloud-init[1084]: ci-info: +-------+-------------+----------+---------------+-----------+-------+
[   29.633088] cloud-init[1084]: ci-info: |   0   |   0.0.0.0   | 10.0.2.2 |    0.0.0.0    |   enp0s3  |   UG  |
         [   29.720267] cloud-init[1084]: ci-info: |   1   |   10.0.2.0  | 0.0.0.0  | 255.255.255.0 |   enp0s3  |   U   |
[   29.720417] cloud-init[1084]: ci-info: +-------+-------------+----------+---------------+-----------+-------+
Starting iSCSI initiator daemon (iscsid)...
         Starting Apply the settings specified in cloud-config...
         Starting /etc/rc.local Compatibility...
         Starting OpenBSD Secure Shell server...
[[0;32m  OK  [0m] Started /etc/rc.local Compatibility.
[[0;32m  OK  [0m] Started iSCSI initiator daemon (iscsid).
[[0;32m  OK  [0m] Started OpenBSD Secure Shell server.
         Starting Login to default iSCSI targets...
[[0;32m  OK  [0m] Started Login to default iSCSI targets.
[[0;32m  OK  [0m] Reached target Remote File Systems (Pre).
[[0;32m  OK  [0m] Reached target Remote File Systems.
         Starting LSB: automatic crash report generation...
         Starting Permit User Sessions...
         Starting LSB: Set the CPU Frequency Scaling governor to "ondemand"...
         Starting LSB: VirtualBox Linux Additions...
         Starting LSB: Start/stop sysstat's sadc...
         Starting LSB: daemon to balance interrupts for SMP systems...
[[0;32m  OK  [0m] Started LSB: Set the CPU Frequency Scaling governor to "ondemand".
[[0;32m  OK  [0m] Started Permit User Sessions.
         Starting Hold until boot process finishes up...
         Starting Terminate Plymouth Boot Screen...
[[0;32m  OK  [0m] Started LSB: daemon to balance interrupts for SMP systems.
[[0;32m  OK  [0m] Started Apply the settings specified in cloud-config.
[   30.529775] cloud-init[1138]: Cloud-init v. 0.7.8 running 'modules:config' at Thu, 08 Dec 2016 16:43:43 +0000. Up 30.21 seconds.
[[0;32m  OK  [0m] Started LSB: VirtualBox Linux Additions.
[[0;32m  OK  [0m] Started Hold until boot process finishes up.
[[0;32m  OK  [0m] Started Terminate Plymouth Boot Screen.
[[0;32m  OK  [0m] Started LSB: Start/stop sysstat's sadc.
[[0;32m  OK  [0m] Started Getty on tty1.
[[0;32m  OK  [0m] Started Serial Getty on ttyS0.
[[0;32m  OK  [0m] Reached target Login Prompts.
         Starting Set console scheme...
[[0;32m  OK  [0m] Started LSB: automatic crash report generation.
[[0;32m  OK  [0m] Started Set console scheme.
[[0;32m  OK  [0m] Reached target Multi-User System.
         Starting Notify bootloader that boot was successful...
         Starting Execute cloud user/final scripts...
[[0;32m  OK  [0m] Reached target Graphical Interface.
         Starting Update UTMP about System Runlevel Changes...
[[0;32m  OK  [0m] Started Notify bootloader that boot was successful.
[[0;32m  OK  [0m] Started Update UTMP about System Runlevel Changes.
[   31.701297] cloud-init[1262]: Cloud-init v. 0.7.8 running 'modules:final' at Thu, 08 Dec 2016 16:43:45 +0000. Up 31.56 seconds.
[   31.761310] cloud-init[1262]: Cloud-init v. 0.7.8 finished at Thu, 08 Dec 2016 16:43:45 +0000. Datasource DataSourceNoCloud [seed=/dev/sdb][dsmode=net].  Up 31.69 seconds
[[0;32m  OK  [0m] Started Execute cloud user/final scripts.
[[0;32m  OK  [0m] Reached target Cloud-init target.

Ubuntu 16.04.1 LTS experteese ttyS0

experteese login: 